// Jest Snapshot v1, https://goo.gl/fbAQLP

exports[`FlatTable when rendered with proper table data should have expected structure and styles 1`] = `
.c9 {
  background-color: transparent;
  border-width: 0;
  border-bottom: 1px solid #CCD6DB;
  box-sizing: border-box;
  font-weight: 700;
  left: auto;
  text-align: left;
  top: 0;
  -webkit-user-select: none;
  -moz-user-select: none;
  -ms-user-select: none;
  user-select: none;
  vertical-align: middle;
  white-space: nowrap;
  word-break: keep-all;
  padding: 0;
}

.c9:first-child {
  padding-left: 1px;
}

.c9 > div {
  box-sizing: border-box;
}

.c11 {
  background-color: #fff;
  border-width: 0;
  border-bottom: 1px solid #CCD6DB;
  text-overflow: ellipsis;
  text-align: left;
  vertical-align: middle;
  white-space: nowrap;
  padding: 0;
}

.c11 > div {
  box-sizing: border-box;
}

.c11:first-of-type {
  border-left: 1px solid #CCD6DB;
}

.c11:last-of-type {
  border-right: 1px solid #CCD6DB;
}

.c12 {
  background-color: #fff;
  border-width: 0;
  border-bottom: 1px solid #CCD6DB;
  text-overflow: ellipsis;
  text-align: left;
  vertical-align: middle;
  white-space: nowrap;
  padding: 0;
}

.c12 > div {
  box-sizing: border-box;
}

.c12:first-of-type {
  border-left: 1px solid #CCD6DB;
}

.c12:last-of-type {
  border-right: 1px solid #CCD6DB;
}

.c12:first-of-type + .c10 {
  border-left: 1px solid #CCD6DB;
}

.c7 {
  background-color: #fff;
  border: 1px solid #CCD6DB;
  border-top: none;
  box-sizing: border-box;
  left: 0;
  font-weight: normal;
  position: -webkit-sticky;
  position: sticky;
  text-align: left;
  top: auto;
  vertical-align: middle;
  white-space: nowrap;
  padding: 0;
}

.c7 > div {
  box-sizing: border-box;
  padding-top: 10px;
  padding-bottom: 10px;
  padding-left: 24px;
  padding-right: 24px;
}

.c7.c7.c7 {
  left: 0px;
}

.c5 {
  border-collapse: separate;
  border-radius: 0px;
  border-spacing: 0;
  min-width: 100%;
  table-layout: fixed;
  width: auto;
}

.c3 .c6,
.c3 .c13 {
  border-left: none;
  border-right: none;
  font-weight: 700;
  left: 0;
  top: 0;
  z-index: 1000;
}

.c1 {
  border-collapse: separate;
  border-radius: 0px;
  border-spacing: 0;
  min-width: 100%;
  width: 100%;
}

.c1 .c4 {
  height: 40px;
}

.c1 .c10 > div,
.c1 .c8 > div,
.c1 .c6 > div {
  font-size: 14px;
  padding-left: 11px;
  padding-right: 11px;
}

.c0 {
  height: 100%;
}

.c0 .c2 .c13,
.c0 .c8,
.c0 .c2 .c6 {
  background-color: #335C6D;
  border-right: 1px solid #668592;
  color: #FFFFFF;
}

<div
  className=""
>
  <div
    className="c0"
  >
    <table
      className="c1"
      data-component="flat-table"
      size="medium"
    >
      <thead
        className="c2 c3"
      >
        <tr
          className="c4 c5"
          data-element="flat-table-row"
          onClick={[Function]}
        >
          <th
            className="c6 c7"
            data-element="flat-table-row-header"
          >
            <div>
              row header
            </div>
          </th>
          <th
            className="c8 c9"
            data-element="flat-table-header"
          >
            <div>
              header1
            </div>
          </th>
          <th
            className="c8 c9"
            data-element="flat-table-header"
          >
            <div>
              header2
            </div>
          </th>
          <th
            className="c8 c9"
            data-element="flat-table-header"
          >
            <div>
              header3
            </div>
          </th>
        </tr>
      </thead>
      <tbody>
        <tr
          className="c4 c5"
          data-element="flat-table-row"
          onClick={[Function]}
        >
          <th
            className="c6 c7"
            data-element="flat-table-row-header"
          >
            <div>
              row header
            </div>
          </th>
          <td
            className="c10 c11"
            data-element="flat-table-cell"
          >
            <div
              className=""
            >
              cell1
            </div>
          </td>
          <td
            className="c10 c11"
            data-element="flat-table-cell"
          >
            <div
              className=""
            >
              cell2
            </div>
          </td>
          <td
            className="c10 c12"
            data-element="flat-table-cell"
            rowSpan="2"
          >
            <div
              className=""
            >
              cell3
            </div>
          </td>
        </tr>
        <tr
          className="c4 c5"
          data-element="flat-table-row"
          onClick={[Function]}
        >
          <th
            className="c6 c7"
            data-element="flat-table-row-header"
          >
            <div>
              row header
            </div>
          </th>
          <td
            className="c10 c11"
            colSpan="2"
            data-element="flat-table-cell"
          >
            <div
              className=""
            >
              cell1
            </div>
          </td>
        </tr>
      </tbody>
    </table>
  </div>
</div>
`;
