// Jest Snapshot v1, https://goo.gl/fbAQLP

exports[`FlatTableRow should have expected styles 1`] = `
.c1 {
  background-color: #fff;
  border-width: 0;
  border-bottom: 1px solid #CCD6DB;
  text-overflow: ellipsis;
  text-align: left;
  vertical-align: middle;
  white-space: nowrap;
  padding: 0;
}

.c1.c1.c1 > div {
  box-sizing: border-box;
}

.c1:first-of-type {
  border-left: 1px solid #CCD6DB;
}

.c1:last-of-type {
  border-right: 1px solid #CCD6DB;
}

.c0 {
  border-collapse: separate;
  border-radius: 0px;
  border-spacing: 0;
  min-width: 100%;
  table-layout: fixed;
  width: auto;
}

<table>
  <tbody>
    <tr
      className="c0"
      data-element="flat-table-row"
      onClick={[Function]}
    >
      <td
        className="c1"
        data-element="flat-table-cell"
      >
        <div
          className=""
        >
          cell1
        </div>
      </td>
      <td
        className="c1"
        data-element="flat-table-cell"
      >
        <div
          className=""
        >
          cell2
        </div>
      </td>
    </tr>
  </tbody>
</table>
`;
